[2.638s] Invoking command in '/home/chaesong/auto-dump-bot/build/auto_dump_robot_pkg': PYTHONPATH=/home/chaesong/auto-dump-bot/build/auto_dump_robot_pkg/prefix_override:/usr/lib/python3/dist-packages/colcon_core/task/python/colcon_distutils_commands:/home/chaesong/auto-dump-bot/install/auto_dump_robot_pkg/lib/python3.10/site-packages:${PYTHONPATH} /usr/bin/python3 -W ignore:setup.py install is deprecated -W ignore:easy_install command is deprecated setup.py develop --editable --build-directory /home/chaesong/auto-dump-bot/build/auto_dump_robot_pkg/build --no-deps symlink_data
[4.610s] running develop
[6.061s] running egg_info
[6.061s] creating auto_dump_robot_pkg.egg-info
[6.062s] writing auto_dump_robot_pkg.egg-info/PKG-INFO
[6.063s] writing dependency_links to auto_dump_robot_pkg.egg-info/dependency_links.txt
[6.063s] writing entry points to auto_dump_robot_pkg.egg-info/entry_points.txt
[6.063s] writing requirements to auto_dump_robot_pkg.egg-info/requires.txt
[6.064s] writing top-level names to auto_dump_robot_pkg.egg-info/top_level.txt
[6.066s] writing manifest file 'auto_dump_robot_pkg.egg-info/SOURCES.txt'
[6.069s] reading manifest file 'auto_dump_robot_pkg.egg-info/SOURCES.txt'
[6.071s] writing manifest file 'auto_dump_robot_pkg.egg-info/SOURCES.txt'
[6.074s] running build_ext
[6.075s] Creating /home/chaesong/auto-dump-bot/install/auto_dump_robot_pkg/lib/python3.10/site-packages/auto-dump-robot-pkg.egg-link (link to .)
[6.077s] Installing motion script to /home/chaesong/auto-dump-bot/install/auto_dump_robot_pkg/lib/auto_dump_robot_pkg
[6.078s] 
[6.079s] Installed /home/chaesong/auto-dump-bot/build/auto_dump_robot_pkg
[6.079s] running symlink_data
[6.079s] creating /home/chaesong/auto-dump-bot/install/auto_dump_robot_pkg/share/ament_index
[6.079s] creating /home/chaesong/auto-dump-bot/install/auto_dump_robot_pkg/share/ament_index/resource_index
[6.079s] creating /home/chaesong/auto-dump-bot/install/auto_dump_robot_pkg/share/ament_index/resource_index/packages
[6.081s] symbolically linking /home/chaesong/auto-dump-bot/build/auto_dump_robot_pkg/resource/auto_dump_robot_pkg -> /home/chaesong/auto-dump-bot/install/auto_dump_robot_pkg/share/ament_index/resource_index/packages
[6.081s] symbolically linking /home/chaesong/auto-dump-bot/build/auto_dump_robot_pkg/package.xml -> /home/chaesong/auto-dump-bot/install/auto_dump_robot_pkg/share/auto_dump_robot_pkg
[6.245s] Invoked command in '/home/chaesong/auto-dump-bot/build/auto_dump_robot_pkg' returned '0': PYTHONPATH=/home/chaesong/auto-dump-bot/build/auto_dump_robot_pkg/prefix_override:/usr/lib/python3/dist-packages/colcon_core/task/python/colcon_distutils_commands:/home/chaesong/auto-dump-bot/install/auto_dump_robot_pkg/lib/python3.10/site-packages:${PYTHONPATH} /usr/bin/python3 -W ignore:setup.py install is deprecated -W ignore:easy_install command is deprecated setup.py develop --editable --build-directory /home/chaesong/auto-dump-bot/build/auto_dump_robot_pkg/build --no-deps symlink_data
