running develop
running egg_info
creating auto_dump_robot_pkg.egg-info
writing auto_dump_robot_pkg.egg-info/PKG-INFO
writing dependency_links to auto_dump_robot_pkg.egg-info/dependency_links.txt
writing entry points to auto_dump_robot_pkg.egg-info/entry_points.txt
writing requirements to auto_dump_robot_pkg.egg-info/requires.txt
writing top-level names to auto_dump_robot_pkg.egg-info/top_level.txt
writing manifest file 'auto_dump_robot_pkg.egg-info/SOURCES.txt'
reading manifest file 'auto_dump_robot_pkg.egg-info/SOURCES.txt'
writing manifest file 'auto_dump_robot_pkg.egg-info/SOURCES.txt'
running build_ext
Creating /home/chaesong/auto-dump-bot/src/robot_ws/install/auto_dump_robot_pkg/lib/python3.10/site-packages/auto-dump-robot-pkg.egg-link (link to .)

Installed /home/chaesong/auto-dump-bot/src/robot_ws/build/auto_dump_robot_pkg
running symlink_data
creating /home/chaesong/auto-dump-bot/src/robot_ws/install/auto_dump_robot_pkg/share/ament_index
creating /home/chaesong/auto-dump-bot/src/robot_ws/install/auto_dump_robot_pkg/share/ament_index/resource_index
creating /home/chaesong/auto-dump-bot/src/robot_ws/install/auto_dump_robot_pkg/share/ament_index/resource_index/packages
symbolically linking /home/chaesong/auto-dump-bot/src/robot_ws/build/auto_dump_robot_pkg/resource/auto_dump_robot_pkg -> /home/chaesong/auto-dump-bot/src/robot_ws/install/auto_dump_robot_pkg/share/ament_index/resource_index/packages
symbolically linking /home/chaesong/auto-dump-bot/src/robot_ws/build/auto_dump_robot_pkg/package.xml -> /home/chaesong/auto-dump-bot/src/robot_ws/install/auto_dump_robot_pkg/share/auto_dump_robot_pkg
