[1.183s] Invoking command in '/home/chaesong/auto-dump-bot/code/robot_ws/build/auto_dump_robot_pkg': PYTHONPATH=/home/chaesong/auto-dump-bot/code/robot_ws/build/auto_dump_robot_pkg/prefix_override:/usr/lib/python3/dist-packages/colcon_core/task/python/colcon_distutils_commands:/home/chaesong/auto-dump-bot/code/robot_ws/install/auto_dump_robot_pkg/lib/python3.10/site-packages:${PYTHONPATH} /usr/bin/python3 -W ignore:setup.py install is deprecated -W ignore:easy_install command is deprecated setup.py develop --editable --build-directory /home/chaesong/auto-dump-bot/code/robot_ws/build/auto_dump_robot_pkg/build --no-deps symlink_data
[1.747s] running develop
[2.235s] running egg_info
[2.235s] writing auto_dump_robot_pkg.egg-info/PKG-INFO
[2.236s] writing dependency_links to auto_dump_robot_pkg.egg-info/dependency_links.txt
[2.237s] writing entry points to auto_dump_robot_pkg.egg-info/entry_points.txt
[2.237s] writing requirements to auto_dump_robot_pkg.egg-info/requires.txt
[2.237s] writing top-level names to auto_dump_robot_pkg.egg-info/top_level.txt
[2.240s] reading manifest file 'auto_dump_robot_pkg.egg-info/SOURCES.txt'
[2.241s] writing manifest file 'auto_dump_robot_pkg.egg-info/SOURCES.txt'
[2.244s] running build_ext
[2.244s] Creating /home/chaesong/auto-dump-bot/code/robot_ws/install/auto_dump_robot_pkg/lib/python3.10/site-packages/auto-dump-robot-pkg.egg-link (link to .)
[2.245s] Installing motion script to /home/chaesong/auto-dump-bot/code/robot_ws/install/auto_dump_robot_pkg/lib/auto_dump_robot_pkg
[2.245s] Installing test script to /home/chaesong/auto-dump-bot/code/robot_ws/install/auto_dump_robot_pkg/lib/auto_dump_robot_pkg
[2.246s] 
[2.246s] Installed /home/chaesong/auto-dump-bot/code/robot_ws/build/auto_dump_robot_pkg
[2.246s] running symlink_data
[2.246s] symbolically linking /home/chaesong/auto-dump-bot/code/robot_ws/build/auto_dump_robot_pkg/resource/auto_dump_robot_pkg -> /home/chaesong/auto-dump-bot/code/robot_ws/install/auto_dump_robot_pkg/share/ament_index/resource_index/packages
[2.247s] error: [Errno 17] File exists: '/home/chaesong/auto-dump-bot/code/robot_ws/build/auto_dump_robot_pkg/resource/auto_dump_robot_pkg' -> '/home/chaesong/auto-dump-bot/code/robot_ws/install/auto_dump_robot_pkg/share/ament_index/resource_index/packages/auto_dump_robot_pkg'
[2.309s] Invoked command in '/home/chaesong/auto-dump-bot/code/robot_ws/build/auto_dump_robot_pkg' returned '1': PYTHONPATH=/home/chaesong/auto-dump-bot/code/robot_ws/build/auto_dump_robot_pkg/prefix_override:/usr/lib/python3/dist-packages/colcon_core/task/python/colcon_distutils_commands:/home/chaesong/auto-dump-bot/code/robot_ws/install/auto_dump_robot_pkg/lib/python3.10/site-packages:${PYTHONPATH} /usr/bin/python3 -W ignore:setup.py install is deprecated -W ignore:easy_install command is deprecated setup.py develop --editable --build-directory /home/chaesong/auto-dump-bot/code/robot_ws/build/auto_dump_robot_pkg/build --no-deps symlink_data
