[0.588s] DEBUG:colcon:Command line arguments: ['/usr/bin/colcon', 'build', '--symlink-install']
[0.588s] DEBUG:colcon:Parsed command line arguments: Namespace(log_base=None, log_level=None, verb_name='build', build_base='build', install_base='install', merge_install=False, symlink_install=True, test_result_base=None, continue_on_error=False, executor='parallel', parallel_workers=4, event_handlers=None, ignore_user_meta=False, metas=['./colcon.meta'], base_paths=['.'], packages_ignore=None, packages_ignore_regex=None, paths=None, packages_up_to=None, packages_up_to_regex=None, packages_above=None, packages_above_and_dependencies=None, packages_above_depth=None, packages_select_by_dep=None, packages_skip_by_dep=None, packages_skip_up_to=None, packages_select_build_failed=False, packages_skip_build_finished=False, packages_select_test_failures=False, packages_skip_test_passed=False, packages_select=None, packages_skip=None, packages_select_regex=None, packages_skip_regex=None, packages_start=None, packages_end=None, allow_overriding=[], cmake_args=None, cmake_target=None, cmake_target_skip_unavailable=False, cmake_clean_cache=False, cmake_clean_first=False, cmake_force_configure=False, ament_cmake_args=None, catkin_cmake_args=None, catkin_skip_building_tests=False, verb_parser=<colcon_defaults.argument_parser.defaults.DefaultArgumentsDecorator object at 0x77e6dc0d2230>, verb_extension=<colcon_core.verb.build.BuildVerb object at 0x77e6dc0d1db0>, main=<bound method BuildVerb.main of <colcon_core.verb.build.BuildVerb object at 0x77e6dc0d1db0>>)
[1.842s] Level 1:colcon.colcon_core.package_discovery:discover_packages(colcon_meta) check parameters
[1.843s] Level 1:colcon.colcon_core.package_discovery:discover_packages(recursive) check parameters
[1.843s] Level 1:colcon.colcon_core.package_discovery:discover_packages(ignore) check parameters
[1.844s] Level 1:colcon.colcon_core.package_discovery:discover_packages(path) check parameters
[1.844s] Level 1:colcon.colcon_core.package_discovery:discover_packages(colcon_meta) discover
[1.844s] Level 1:colcon.colcon_core.package_discovery:discover_packages(recursive) discover
[1.844s] INFO:colcon.colcon_core.package_discovery:Crawling recursively for packages in '/home/chaesong/auto-dump-bot'
[1.845s] Level 1:colcon.colcon_core.package_identification:_identify(.) by extensions ['ignore', 'ignore_ament_install']
[1.845s] Level 1:colcon.colcon_core.package_identification:_identify(.) by extension 'ignore'
[1.846s] Level 1:colcon.colcon_core.package_identification:_identify(.) by extension 'ignore_ament_install'
[1.846s] Level 1:colcon.colcon_core.package_identification:_identify(.) by extensions ['colcon_pkg']
[1.846s] Level 1:colcon.colcon_core.package_identification:_identify(.) by extension 'colcon_pkg'
[1.846s] Level 1:colcon.colcon_core.package_identification:_identify(.) by extensions ['colcon_meta']
[1.846s] Level 1:colcon.colcon_core.package_identification:_identify(.) by extension 'colcon_meta'
[1.846s] Level 1:colcon.colcon_core.package_identification:_identify(.) by extensions ['ros']
[1.846s] Level 1:colcon.colcon_core.package_identification:_identify(.) by extension 'ros'
[1.891s] Level 1:colcon.colcon_core.package_identification:_identify(.) by extensions ['cmake', 'python']
[1.891s] Level 1:colcon.colcon_core.package_identification:_identify(.) by extension 'cmake'
[1.891s] Level 1:colcon.colcon_core.package_identification:_identify(.) by extension 'python'
[1.892s] Level 1:colcon.colcon_core.package_identification:_identify(.) by extensions ['python_setup_py']
[1.892s] Level 1:colcon.colcon_core.package_identification:_identify(.) by extension 'python_setup_py'
[1.892s] Level 1:colcon.colcon_core.package_identification:_identify(assets) by extensions ['ignore', 'ignore_ament_install']
[1.893s] Level 1:colcon.colcon_core.package_identification:_identify(assets) by extension 'ignore'
[1.893s] Level 1:colcon.colcon_core.package_identification:_identify(assets) by extension 'ignore_ament_install'
[1.893s] Level 1:colcon.colcon_core.package_identification:_identify(assets) by extensions ['colcon_pkg']
[1.894s] Level 1:colcon.colcon_core.package_identification:_identify(assets) by extension 'colcon_pkg'
[1.894s] Level 1:colcon.colcon_core.package_identification:_identify(assets) by extensions ['colcon_meta']
[1.894s] Level 1:colcon.colcon_core.package_identification:_identify(assets) by extension 'colcon_meta'
[1.894s] Level 1:colcon.colcon_core.package_identification:_identify(assets) by extensions ['ros']
[1.894s] Level 1:colcon.colcon_core.package_identification:_identify(assets) by extension 'ros'
[1.894s] Level 1:colcon.colcon_core.package_identification:_identify(assets) by extensions ['cmake', 'python']
[1.894s] Level 1:colcon.colcon_core.package_identification:_identify(assets) by extension 'cmake'
[1.895s] Level 1:colcon.colcon_core.package_identification:_identify(assets) by extension 'python'
[1.895s] Level 1:colcon.colcon_core.package_identification:_identify(assets) by extensions ['python_setup_py']
[1.895s] Level 1:colcon.colcon_core.package_identification:_identify(assets) by extension 'python_setup_py'
[1.895s] Level 1:colcon.colcon_core.package_identification:_identify(assets/HMI_icons) by extensions ['ignore', 'ignore_ament_install']
[1.896s] Level 1:colcon.colcon_core.package_identification:_identify(assets/HMI_icons) by extension 'ignore'
[1.896s] Level 1:colcon.colcon_core.package_identification:_identify(assets/HMI_icons) by extension 'ignore_ament_install'
[1.897s] Level 1:colcon.colcon_core.package_identification:_identify(assets/HMI_icons) by extensions ['colcon_pkg']
[1.897s] Level 1:colcon.colcon_core.package_identification:_identify(assets/HMI_icons) by extension 'colcon_pkg'
[1.897s] Level 1:colcon.colcon_core.package_identification:_identify(assets/HMI_icons) by extensions ['colcon_meta']
[1.897s] Level 1:colcon.colcon_core.package_identification:_identify(assets/HMI_icons) by extension 'colcon_meta'
[1.897s] Level 1:colcon.colcon_core.package_identification:_identify(assets/HMI_icons) by extensions ['ros']
[1.897s] Level 1:colcon.colcon_core.package_identification:_identify(assets/HMI_icons) by extension 'ros'
[1.898s] Level 1:colcon.colcon_core.package_identification:_identify(assets/HMI_icons) by extensions ['cmake', 'python']
[1.898s] Level 1:colcon.colcon_core.package_identification:_identify(assets/HMI_icons) by extension 'cmake'
[1.898s] Level 1:colcon.colcon_core.package_identification:_identify(assets/HMI_icons) by extension 'python'
[1.898s] Level 1:colcon.colcon_core.package_identification:_identify(assets/HMI_icons) by extensions ['python_setup_py']
[1.898s] Level 1:colcon.colcon_core.package_identification:_identify(assets/HMI_icons) by extension 'python_setup_py'
[1.898s] Level 1:colcon.colcon_core.package_identification:_identify(build) by extensions ['ignore', 'ignore_ament_install']
[1.899s] Level 1:colcon.colcon_core.package_identification:_identify(build) by extension 'ignore'
[1.899s] Level 1:colcon.colcon_core.package_identification:_identify(build) ignored
[1.899s] Level 1:colcon.colcon_core.package_identification:_identify(data) by extensions ['ignore', 'ignore_ament_install']
[1.900s] Level 1:colcon.colcon_core.package_identification:_identify(data) by extension 'ignore'
[1.900s] Level 1:colcon.colcon_core.package_identification:_identify(data) by extension 'ignore_ament_install'
[1.900s] Level 1:colcon.colcon_core.package_identification:_identify(data) by extensions ['colcon_pkg']
[1.900s] Level 1:colcon.colcon_core.package_identification:_identify(data) by extension 'colcon_pkg'
[1.901s] Level 1:colcon.colcon_core.package_identification:_identify(data) by extensions ['colcon_meta']
[1.901s] Level 1:colcon.colcon_core.package_identification:_identify(data) by extension 'colcon_meta'
[1.901s] Level 1:colcon.colcon_core.package_identification:_identify(data) by extensions ['ros']
[1.901s] Level 1:colcon.colcon_core.package_identification:_identify(data) by extension 'ros'
[1.901s] Level 1:colcon.colcon_core.package_identification:_identify(data) by extensions ['cmake', 'python']
[1.901s] Level 1:colcon.colcon_core.package_identification:_identify(data) by extension 'cmake'
[1.902s] Level 1:colcon.colcon_core.package_identification:_identify(data) by extension 'python'
[1.902s] Level 1:colcon.colcon_core.package_identification:_identify(data) by extensions ['python_setup_py']
[1.902s] Level 1:colcon.colcon_core.package_identification:_identify(data) by extension 'python_setup_py'
[1.903s] Level 1:colcon.colcon_core.package_identification:_identify(docs) by extensions ['ignore', 'ignore_ament_install']
[1.903s] Level 1:colcon.colcon_core.package_identification:_identify(docs) by extension 'ignore'
[1.903s] Level 1:colcon.colcon_core.package_identification:_identify(docs) by extension 'ignore_ament_install'
[1.904s] Level 1:colcon.colcon_core.package_identification:_identify(docs) by extensions ['colcon_pkg']
[1.904s] Level 1:colcon.colcon_core.package_identification:_identify(docs) by extension 'colcon_pkg'
[1.904s] Level 1:colcon.colcon_core.package_identification:_identify(docs) by extensions ['colcon_meta']
[1.904s] Level 1:colcon.colcon_core.package_identification:_identify(docs) by extension 'colcon_meta'
[1.905s] Level 1:colcon.colcon_core.package_identification:_identify(docs) by extensions ['ros']
[1.905s] Level 1:colcon.colcon_core.package_identification:_identify(docs) by extension 'ros'
[1.905s] Level 1:colcon.colcon_core.package_identification:_identify(docs) by extensions ['cmake', 'python']
[1.906s] Level 1:colcon.colcon_core.package_identification:_identify(docs) by extension 'cmake'
[1.906s] Level 1:colcon.colcon_core.package_identification:_identify(docs) by extension 'python'
[1.906s] Level 1:colcon.colcon_core.package_identification:_identify(docs) by extensions ['python_setup_py']
[1.906s] Level 1:colcon.colcon_core.package_identification:_identify(docs) by extension 'python_setup_py'
[1.906s] Level 1:colcon.colcon_core.package_identification:_identify(install) by extensions ['ignore', 'ignore_ament_install']
[1.907s] Level 1:colcon.colcon_core.package_identification:_identify(install) by extension 'ignore'
[1.908s] Level 1:colcon.colcon_core.package_identification:_identify(install) ignored
[1.908s] Level 1:colcon.colcon_core.package_identification:_identify(log) by extensions ['ignore', 'ignore_ament_install']
[1.908s] Level 1:colcon.colcon_core.package_identification:_identify(log) by extension 'ignore'
[1.908s] Level 1:colcon.colcon_core.package_identification:_identify(log) ignored
[1.909s] Level 1:colcon.colcon_core.package_identification:_identify(src) by extensions ['ignore', 'ignore_ament_install']
[1.909s] Level 1:colcon.colcon_core.package_identification:_identify(src) by extension 'ignore'
[1.909s] Level 1:colcon.colcon_core.package_identification:_identify(src) by extension 'ignore_ament_install'
[1.909s] Level 1:colcon.colcon_core.package_identification:_identify(src) by extensions ['colcon_pkg']
[1.910s] Level 1:colcon.colcon_core.package_identification:_identify(src) by extension 'colcon_pkg'
[1.910s] Level 1:colcon.colcon_core.package_identification:_identify(src) by extensions ['colcon_meta']
[1.910s] Level 1:colcon.colcon_core.package_identification:_identify(src) by extension 'colcon_meta'
[1.910s] Level 1:colcon.colcon_core.package_identification:_identify(src) by extensions ['ros']
[1.910s] Level 1:colcon.colcon_core.package_identification:_identify(src) by extension 'ros'
[1.911s] Level 1:colcon.colcon_core.package_identification:_identify(src) by extensions ['cmake', 'python']
[1.911s] Level 1:colcon.colcon_core.package_identification:_identify(src) by extension 'cmake'
[1.911s] Level 1:colcon.colcon_core.package_identification:_identify(src) by extension 'python'
[1.911s] Level 1:colcon.colcon_core.package_identification:_identify(src) by extensions ['python_setup_py']
[1.911s] Level 1:colcon.colcon_core.package_identification:_identify(src) by extension 'python_setup_py'
[1.912s] Level 1:colcon.colcon_core.package_identification:_identify(src/backend) by extensions ['ignore', 'ignore_ament_install']
[1.912s] Level 1:colcon.colcon_core.package_identification:_identify(src/backend) by extension 'ignore'
[1.912s] Level 1:colcon.colcon_core.package_identification:_identify(src/backend) by extension 'ignore_ament_install'
[1.913s] Level 1:colcon.colcon_core.package_identification:_identify(src/backend) by extensions ['colcon_pkg']
[1.913s] Level 1:colcon.colcon_core.package_identification:_identify(src/backend) by extension 'colcon_pkg'
[1.913s] Level 1:colcon.colcon_core.package_identification:_identify(src/backend) by extensions ['colcon_meta']
[1.913s] Level 1:colcon.colcon_core.package_identification:_identify(src/backend) by extension 'colcon_meta'
[1.913s] Level 1:colcon.colcon_core.package_identification:_identify(src/backend) by extensions ['ros']
[1.913s] Level 1:colcon.colcon_core.package_identification:_identify(src/backend) by extension 'ros'
[1.914s] Level 1:colcon.colcon_core.package_identification:_identify(src/backend) by extensions ['cmake', 'python']
[1.914s] Level 1:colcon.colcon_core.package_identification:_identify(src/backend) by extension 'cmake'
[1.914s] Level 1:colcon.colcon_core.package_identification:_identify(src/backend) by extension 'python'
[1.914s] Level 1:colcon.colcon_core.package_identification:_identify(src/backend) by extensions ['python_setup_py']
[1.914s] Level 1:colcon.colcon_core.package_identification:_identify(src/backend) by extension 'python_setup_py'
[1.914s] Level 1:colcon.colcon_core.package_identification:_identify(src/backend/__pycache__) by extensions ['ignore', 'ignore_ament_install']
[1.914s] Level 1:colcon.colcon_core.package_identification:_identify(src/backend/__pycache__) by extension 'ignore'
[1.915s] Level 1:colcon.colcon_core.package_identification:_identify(src/backend/__pycache__) by extension 'ignore_ament_install'
[1.915s] Level 1:colcon.colcon_core.package_identification:_identify(src/backend/__pycache__) by extensions ['colcon_pkg']
[1.915s] Level 1:colcon.colcon_core.package_identification:_identify(src/backend/__pycache__) by extension 'colcon_pkg'
[1.915s] Level 1:colcon.colcon_core.package_identification:_identify(src/backend/__pycache__) by extensions ['colcon_meta']
[1.915s] Level 1:colcon.colcon_core.package_identification:_identify(src/backend/__pycache__) by extension 'colcon_meta'
[1.916s] Level 1:colcon.colcon_core.package_identification:_identify(src/backend/__pycache__) by extensions ['ros']
[1.916s] Level 1:colcon.colcon_core.package_identification:_identify(src/backend/__pycache__) by extension 'ros'
[1.916s] Level 1:colcon.colcon_core.package_identification:_identify(src/backend/__pycache__) by extensions ['cmake', 'python']
[1.916s] Level 1:colcon.colcon_core.package_identification:_identify(src/backend/__pycache__) by extension 'cmake'
[1.916s] Level 1:colcon.colcon_core.package_identification:_identify(src/backend/__pycache__) by extension 'python'
[1.916s] Level 1:colcon.colcon_core.package_identification:_identify(src/backend/__pycache__) by extensions ['python_setup_py']
[1.916s] Level 1:colcon.colcon_core.package_identification:_identify(src/backend/__pycache__) by extension 'python_setup_py'
[1.917s] Level 1:colcon.colcon_core.package_identification:_identify(src/hmi_app) by extensions ['ignore', 'ignore_ament_install']
[1.917s] Level 1:colcon.colcon_core.package_identification:_identify(src/hmi_app) by extension 'ignore'
[1.917s] Level 1:colcon.colcon_core.package_identification:_identify(src/hmi_app) by extension 'ignore_ament_install'
[1.919s] Level 1:colcon.colcon_core.package_identification:_identify(src/hmi_app) by extensions ['colcon_pkg']
[1.919s] Level 1:colcon.colcon_core.package_identification:_identify(src/hmi_app) by extension 'colcon_pkg'
[1.920s] Level 1:colcon.colcon_core.package_identification:_identify(src/hmi_app) by extensions ['colcon_meta']
[1.920s] Level 1:colcon.colcon_core.package_identification:_identify(src/hmi_app) by extension 'colcon_meta'
[1.920s] Level 1:colcon.colcon_core.package_identification:_identify(src/hmi_app) by extensions ['ros']
[1.920s] Level 1:colcon.colcon_core.package_identification:_identify(src/hmi_app) by extension 'ros'
[1.920s] Level 1:colcon.colcon_core.package_identification:_identify(src/hmi_app) by extensions ['cmake', 'python']
[1.920s] Level 1:colcon.colcon_core.package_identification:_identify(src/hmi_app) by extension 'cmake'
[1.921s] Level 1:colcon.colcon_core.package_identification:_identify(src/hmi_app) by extension 'python'
[1.921s] Level 1:colcon.colcon_core.package_identification:_identify(src/hmi_app) by extensions ['python_setup_py']
[1.921s] Level 1:colcon.colcon_core.package_identification:_identify(src/hmi_app) by extension 'python_setup_py'
[1.921s] Level 1:colcon.colcon_core.package_identification:_identify(src/robot_ws) by extensions ['ignore', 'ignore_ament_install']
[1.922s] Level 1:colcon.colcon_core.package_identification:_identify(src/robot_ws) by extension 'ignore'
[1.922s] Level 1:colcon.colcon_core.package_identification:_identify(src/robot_ws) by extension 'ignore_ament_install'
[1.922s] Level 1:colcon.colcon_core.package_identification:_identify(src/robot_ws) by extensions ['colcon_pkg']
[1.922s] Level 1:colcon.colcon_core.package_identification:_identify(src/robot_ws) by extension 'colcon_pkg'
[1.922s] Level 1:colcon.colcon_core.package_identification:_identify(src/robot_ws) by extensions ['colcon_meta']
[1.922s] Level 1:colcon.colcon_core.package_identification:_identify(src/robot_ws) by extension 'colcon_meta'
[1.922s] Level 1:colcon.colcon_core.package_identification:_identify(src/robot_ws) by extensions ['ros']
[1.923s] Level 1:colcon.colcon_core.package_identification:_identify(src/robot_ws) by extension 'ros'
[1.923s] Level 1:colcon.colcon_core.package_identification:_identify(src/robot_ws) by extensions ['cmake', 'python']
[1.923s] Level 1:colcon.colcon_core.package_identification:_identify(src/robot_ws) by extension 'cmake'
[1.923s] Level 1:colcon.colcon_core.package_identification:_identify(src/robot_ws) by extension 'python'
[1.923s] Level 1:colcon.colcon_core.package_identification:_identify(src/robot_ws) by extensions ['python_setup_py']
[1.923s] Level 1:colcon.colcon_core.package_identification:_identify(src/robot_ws) by extension 'python_setup_py'
[1.924s] Level 1:colcon.colcon_core.package_identification:_identify(src/robot_ws/build) by extensions ['ignore', 'ignore_ament_install']
[1.924s] Level 1:colcon.colcon_core.package_identification:_identify(src/robot_ws/build) by extension 'ignore'
[1.925s] Level 1:colcon.colcon_core.package_identification:_identify(src/robot_ws/build) ignored
[1.926s] Level 1:colcon.colcon_core.package_identification:_identify(src/robot_ws/install) by extensions ['ignore', 'ignore_ament_install']
[1.927s] Level 1:colcon.colcon_core.package_identification:_identify(src/robot_ws/install) by extension 'ignore'
[1.928s] Level 1:colcon.colcon_core.package_identification:_identify(src/robot_ws/install) ignored
[1.928s] Level 1:colcon.colcon_core.package_identification:_identify(src/robot_ws/log) by extensions ['ignore', 'ignore_ament_install']
[1.929s] Level 1:colcon.colcon_core.package_identification:_identify(src/robot_ws/log) by extension 'ignore'
[1.929s] Level 1:colcon.colcon_core.package_identification:_identify(src/robot_ws/log) ignored
[1.930s] Level 1:colcon.colcon_core.package_identification:_identify(src/robot_ws/src) by extensions ['ignore', 'ignore_ament_install']
[1.930s] Level 1:colcon.colcon_core.package_identification:_identify(src/robot_ws/src) by extension 'ignore'
[1.930s] Level 1:colcon.colcon_core.package_identification:_identify(src/robot_ws/src) by extension 'ignore_ament_install'
[1.930s] Level 1:colcon.colcon_core.package_identification:_identify(src/robot_ws/src) by extensions ['colcon_pkg']
[1.930s] Level 1:colcon.colcon_core.package_identification:_identify(src/robot_ws/src) by extension 'colcon_pkg'
[1.930s] Level 1:colcon.colcon_core.package_identification:_identify(src/robot_ws/src) by extensions ['colcon_meta']
[1.930s] Level 1:colcon.colcon_core.package_identification:_identify(src/robot_ws/src) by extension 'colcon_meta'
[1.931s] Level 1:colcon.colcon_core.package_identification:_identify(src/robot_ws/src) by extensions ['ros']
[1.931s] Level 1:colcon.colcon_core.package_identification:_identify(src/robot_ws/src) by extension 'ros'
[1.931s] Level 1:colcon.colcon_core.package_identification:_identify(src/robot_ws/src) by extensions ['cmake', 'python']
[1.932s] Level 1:colcon.colcon_core.package_identification:_identify(src/robot_ws/src) by extension 'cmake'
[1.932s] Level 1:colcon.colcon_core.package_identification:_identify(src/robot_ws/src) by extension 'python'
[1.932s] Level 1:colcon.colcon_core.package_identification:_identify(src/robot_ws/src) by extensions ['python_setup_py']
[1.932s] Level 1:colcon.colcon_core.package_identification:_identify(src/robot_ws/src) by extension 'python_setup_py'
[1.933s] Level 1:colcon.colcon_core.package_identification:_identify(src/robot_ws/src/auto_dump_robot_pkg) by extensions ['ignore', 'ignore_ament_install']
[1.933s] Level 1:colcon.colcon_core.package_identification:_identify(src/robot_ws/src/auto_dump_robot_pkg) by extension 'ignore'
[1.934s] Level 1:colcon.colcon_core.package_identification:_identify(src/robot_ws/src/auto_dump_robot_pkg) by extension 'ignore_ament_install'
[1.934s] Level 1:colcon.colcon_core.package_identification:_identify(src/robot_ws/src/auto_dump_robot_pkg) by extensions ['colcon_pkg']
[1.934s] Level 1:colcon.colcon_core.package_identification:_identify(src/robot_ws/src/auto_dump_robot_pkg) by extension 'colcon_pkg'
[1.934s] Level 1:colcon.colcon_core.package_identification:_identify(src/robot_ws/src/auto_dump_robot_pkg) by extensions ['colcon_meta']
[1.934s] Level 1:colcon.colcon_core.package_identification:_identify(src/robot_ws/src/auto_dump_robot_pkg) by extension 'colcon_meta'
[1.935s] Level 1:colcon.colcon_core.package_identification:_identify(src/robot_ws/src/auto_dump_robot_pkg) by extensions ['ros']
[1.935s] Level 1:colcon.colcon_core.package_identification:_identify(src/robot_ws/src/auto_dump_robot_pkg) by extension 'ros'
[1.944s] DEBUG:colcon.colcon_core.package_identification:Package 'src/robot_ws/src/auto_dump_robot_pkg' with type 'ros.ament_python' and name 'auto_dump_robot_pkg'
[1.944s] Level 1:colcon.colcon_core.package_discovery:discover_packages(recursive) using defaults
[1.945s] Level 1:colcon.colcon_core.package_discovery:discover_packages(ignore) discover
[1.945s] Level 1:colcon.colcon_core.package_discovery:discover_packages(ignore) using defaults
[1.945s] Level 1:colcon.colcon_core.package_discovery:discover_packages(path) discover
[1.945s] Level 1:colcon.colcon_core.package_discovery:discover_packages(path) using defaults
[2.007s] Level 1:colcon.colcon_core.package_discovery:discover_packages(prefix_path) check parameters
[2.007s] Level 1:colcon.colcon_core.package_discovery:discover_packages(prefix_path) discover
[2.019s] DEBUG:colcon.colcon_installed_package_information.package_discovery:Found 464 installed packages in /opt/ros/humble
[2.028s] Level 1:colcon.colcon_core.package_discovery:discover_packages(prefix_path) using defaults
[2.275s] Level 5:colcon.colcon_core.verb:set package 'auto_dump_robot_pkg' build argument 'cmake_args' from command line to 'None'
[2.276s] Level 5:colcon.colcon_core.verb:set package 'auto_dump_robot_pkg' build argument 'cmake_target' from command line to 'None'
[2.276s] Level 5:colcon.colcon_core.verb:set package 'auto_dump_robot_pkg' build argument 'cmake_target_skip_unavailable' from command line to 'False'
[2.277s] Level 5:colcon.colcon_core.verb:set package 'auto_dump_robot_pkg' build argument 'cmake_clean_cache' from command line to 'False'
[2.277s] Level 5:colcon.colcon_core.verb:set package 'auto_dump_robot_pkg' build argument 'cmake_clean_first' from command line to 'False'
[2.277s] Level 5:colcon.colcon_core.verb:set package 'auto_dump_robot_pkg' build argument 'cmake_force_configure' from command line to 'False'
[2.277s] Level 5:colcon.colcon_core.verb:set package 'auto_dump_robot_pkg' build argument 'ament_cmake_args' from command line to 'None'
[2.277s] Level 5:colcon.colcon_core.verb:set package 'auto_dump_robot_pkg' build argument 'catkin_cmake_args' from command line to 'None'
[2.277s] Level 5:colcon.colcon_core.verb:set package 'auto_dump_robot_pkg' build argument 'catkin_skip_building_tests' from command line to 'False'
[2.278s] DEBUG:colcon.colcon_core.verb:Building package 'auto_dump_robot_pkg' with the following arguments: {'ament_cmake_args': None, 'build_base': '/home/chaesong/auto-dump-bot/build/auto_dump_robot_pkg', 'catkin_cmake_args': None, 'catkin_skip_building_tests': False, 'cmake_args': None, 'cmake_clean_cache': False, 'cmake_clean_first': False, 'cmake_force_configure': False, 'cmake_target': None, 'cmake_target_skip_unavailable': False, 'install_base': '/home/chaesong/auto-dump-bot/install/auto_dump_robot_pkg', 'merge_install': False, 'path': '/home/chaesong/auto-dump-bot/src/robot_ws/src/auto_dump_robot_pkg', 'symlink_install': True, 'test_result_base': None}
[2.278s] INFO:colcon.colcon_core.executor:Executing jobs using 'parallel' executor
[2.281s] DEBUG:colcon.colcon_parallel_executor.executor.parallel:run_until_complete
[2.282s] INFO:colcon.colcon_ros.task.ament_python.build:Building ROS package in '/home/chaesong/auto-dump-bot/src/robot_ws/src/auto_dump_robot_pkg' with build type 'ament_python'
[2.283s] Level 1:colcon.colcon_core.shell:create_environment_hook('auto_dump_robot_pkg', 'ament_prefix_path')
[2.292s] INFO:colcon.colcon_core.plugin_system:Skipping extension 'colcon_core.shell.bat': Not used on non-Windows systems
[2.293s] INFO:colcon.colcon_core.shell:Creating environment hook '/home/chaesong/auto-dump-bot/install/auto_dump_robot_pkg/share/auto_dump_robot_pkg/hook/ament_prefix_path.ps1'
[2.296s] INFO:colcon.colcon_core.shell:Creating environment descriptor '/home/chaesong/auto-dump-bot/install/auto_dump_robot_pkg/share/auto_dump_robot_pkg/hook/ament_prefix_path.dsv'
[2.298s] INFO:colcon.colcon_core.shell:Creating environment hook '/home/chaesong/auto-dump-bot/install/auto_dump_robot_pkg/share/auto_dump_robot_pkg/hook/ament_prefix_path.sh'
[2.301s] INFO:colcon.colcon_core.shell:Skip shell extension 'powershell' for command environment: Not usable outside of PowerShell
[2.302s] DEBUG:colcon.colcon_core.shell:Skip shell extension 'dsv' for command environment
[3.482s] INFO:colcon.colcon_core.task.python.build:Building Python package in '/home/chaesong/auto-dump-bot/src/robot_ws/src/auto_dump_robot_pkg'
[3.482s] INFO:colcon.colcon_core.shell:Skip shell extension 'powershell' for command environment: Not usable outside of PowerShell
[3.483s] DEBUG:colcon.colcon_core.shell:Skip shell extension 'dsv' for command environment
[4.922s] DEBUG:colcon.colcon_core.event_handler.log_command:Invoking command in '/home/chaesong/auto-dump-bot/build/auto_dump_robot_pkg': PYTHONPATH=/home/chaesong/auto-dump-bot/build/auto_dump_robot_pkg/prefix_override:/usr/lib/python3/dist-packages/colcon_core/task/python/colcon_distutils_commands:/home/chaesong/auto-dump-bot/install/auto_dump_robot_pkg/lib/python3.10/site-packages:${PYTHONPATH} /usr/bin/python3 -W ignore:setup.py install is deprecated -W ignore:easy_install command is deprecated setup.py develop --editable --build-directory /home/chaesong/auto-dump-bot/build/auto_dump_robot_pkg/build --no-deps symlink_data
[8.524s] Level 1:colcon.colcon_core.shell:create_environment_hook('auto_dump_robot_pkg', 'pythonpath_develop')
[8.525s] INFO:colcon.colcon_core.shell:Creating environment hook '/home/chaesong/auto-dump-bot/build/auto_dump_robot_pkg/share/auto_dump_robot_pkg/hook/pythonpath_develop.ps1'
[8.526s] INFO:colcon.colcon_core.shell:Creating environment descriptor '/home/chaesong/auto-dump-bot/build/auto_dump_robot_pkg/share/auto_dump_robot_pkg/hook/pythonpath_develop.dsv'
[8.535s] INFO:colcon.colcon_core.shell:Creating environment hook '/home/chaesong/auto-dump-bot/build/auto_dump_robot_pkg/share/auto_dump_robot_pkg/hook/pythonpath_develop.sh'
[8.529s] DEBUG:colcon.colcon_core.event_handler.log_command:Invoked command in '/home/chaesong/auto-dump-bot/build/auto_dump_robot_pkg' returned '0': PYTHONPATH=/home/chaesong/auto-dump-bot/build/auto_dump_robot_pkg/prefix_override:/usr/lib/python3/dist-packages/colcon_core/task/python/colcon_distutils_commands:/home/chaesong/auto-dump-bot/install/auto_dump_robot_pkg/lib/python3.10/site-packages:${PYTHONPATH} /usr/bin/python3 -W ignore:setup.py install is deprecated -W ignore:easy_install command is deprecated setup.py develop --editable --build-directory /home/chaesong/auto-dump-bot/build/auto_dump_robot_pkg/build --no-deps symlink_data
[8.572s] Level 1:colcon.colcon_core.environment:checking '/home/chaesong/auto-dump-bot/install/auto_dump_robot_pkg' for CMake module files
[8.575s] Level 1:colcon.colcon_core.environment:checking '/home/chaesong/auto-dump-bot/install/auto_dump_robot_pkg' for CMake config files
[8.576s] Level 1:colcon.colcon_core.environment:checking '/home/chaesong/auto-dump-bot/install/auto_dump_robot_pkg/lib'
[8.577s] Level 1:colcon.colcon_core.environment:checking '/home/chaesong/auto-dump-bot/install/auto_dump_robot_pkg/bin'
[8.577s] Level 1:colcon.colcon_core.environment:checking '/home/chaesong/auto-dump-bot/install/auto_dump_robot_pkg/lib/pkgconfig/auto_dump_robot_pkg.pc'
[8.578s] Level 1:colcon.colcon_core.environment:checking '/home/chaesong/auto-dump-bot/install/auto_dump_robot_pkg/lib/python3.10/site-packages'
[8.578s] Level 1:colcon.colcon_core.shell:create_environment_hook('auto_dump_robot_pkg', 'pythonpath')
[8.579s] INFO:colcon.colcon_core.shell:Creating environment hook '/home/chaesong/auto-dump-bot/install/auto_dump_robot_pkg/share/auto_dump_robot_pkg/hook/pythonpath.ps1'
[8.580s] INFO:colcon.colcon_core.shell:Creating environment descriptor '/home/chaesong/auto-dump-bot/install/auto_dump_robot_pkg/share/auto_dump_robot_pkg/hook/pythonpath.dsv'
[8.581s] INFO:colcon.colcon_core.shell:Creating environment hook '/home/chaesong/auto-dump-bot/install/auto_dump_robot_pkg/share/auto_dump_robot_pkg/hook/pythonpath.sh'
[8.584s] Level 1:colcon.colcon_core.environment:checking '/home/chaesong/auto-dump-bot/install/auto_dump_robot_pkg/bin'
[8.584s] Level 1:colcon.colcon_core.environment:create_environment_scripts_only(auto_dump_robot_pkg)
[8.586s] INFO:colcon.colcon_core.shell:Creating package script '/home/chaesong/auto-dump-bot/install/auto_dump_robot_pkg/share/auto_dump_robot_pkg/package.ps1'
[8.590s] INFO:colcon.colcon_core.shell:Creating package descriptor '/home/chaesong/auto-dump-bot/install/auto_dump_robot_pkg/share/auto_dump_robot_pkg/package.dsv'
[8.592s] INFO:colcon.colcon_core.shell:Creating package script '/home/chaesong/auto-dump-bot/install/auto_dump_robot_pkg/share/auto_dump_robot_pkg/package.sh'
[8.598s] INFO:colcon.colcon_core.shell:Creating package script '/home/chaesong/auto-dump-bot/install/auto_dump_robot_pkg/share/auto_dump_robot_pkg/package.bash'
[8.605s] INFO:colcon.colcon_core.shell:Creating package script '/home/chaesong/auto-dump-bot/install/auto_dump_robot_pkg/share/auto_dump_robot_pkg/package.zsh'
[8.607s] Level 1:colcon.colcon_core.environment:create_file_with_runtime_dependencies(/home/chaesong/auto-dump-bot/install/auto_dump_robot_pkg/share/colcon-core/packages/auto_dump_robot_pkg)
[8.611s] DEBUG:colcon.colcon_parallel_executor.executor.parallel:closing loop
[8.611s] DEBUG:colcon.colcon_parallel_executor.executor.parallel:loop closed
[8.611s] DEBUG:colcon.colcon_parallel_executor.executor.parallel:run_until_complete finished with '0'
[8.611s] DEBUG:colcon.colcon_core.event_reactor:joining thread
[8.657s] INFO:colcon.colcon_core.plugin_system:Skipping extension 'colcon_notification.desktop_notification.terminal_notifier': Not used on non-Darwin systems
[8.658s] INFO:colcon.colcon_core.plugin_system:Skipping extension 'colcon_notification.desktop_notification.win32': Not used on non-Windows systems
[8.658s] INFO:colcon.colcon_notification.desktop_notification:Sending desktop notification using 'notify2'
[8.802s] DEBUG:colcon.colcon_core.event_reactor:joined thread
[8.804s] INFO:colcon.colcon_core.shell:Creating prefix script '/home/chaesong/auto-dump-bot/install/local_setup.ps1'
[8.814s] INFO:colcon.colcon_core.shell:Creating prefix util module '/home/chaesong/auto-dump-bot/install/_local_setup_util_ps1.py'
[8.832s] INFO:colcon.colcon_core.shell:Creating prefix chain script '/home/chaesong/auto-dump-bot/install/setup.ps1'
[8.839s] INFO:colcon.colcon_core.shell:Creating prefix script '/home/chaesong/auto-dump-bot/install/local_setup.sh'
[8.845s] INFO:colcon.colcon_core.shell:Creating prefix util module '/home/chaesong/auto-dump-bot/install/_local_setup_util_sh.py'
[8.847s] INFO:colcon.colcon_core.shell:Creating prefix chain script '/home/chaesong/auto-dump-bot/install/setup.sh'
[8.855s] INFO:colcon.colcon_core.shell:Creating prefix script '/home/chaesong/auto-dump-bot/install/local_setup.bash'
[8.856s] INFO:colcon.colcon_core.shell:Creating prefix chain script '/home/chaesong/auto-dump-bot/install/setup.bash'
[8.860s] INFO:colcon.colcon_core.shell:Creating prefix script '/home/chaesong/auto-dump-bot/install/local_setup.zsh'
[8.862s] INFO:colcon.colcon_core.shell:Creating prefix chain script '/home/chaesong/auto-dump-bot/install/setup.zsh'
