[0.289s] DEBUG:colcon:Command line arguments: ['/usr/bin/colcon', 'build', '--symlink-install']
[0.289s] DEBUG:colcon:Parsed command line arguments: Namespace(log_base=None, log_level=None, verb_name='build', build_base='build', install_base='install', merge_install=False, symlink_install=True, test_result_base=None, continue_on_error=False, executor='parallel', parallel_workers=4, event_handlers=None, ignore_user_meta=False, metas=['./colcon.meta'], base_paths=['.'], packages_ignore=None, packages_ignore_regex=None, paths=None, packages_up_to=None, packages_up_to_regex=None, packages_above=None, packages_above_and_dependencies=None, packages_above_depth=None, packages_select_by_dep=None, packages_skip_by_dep=None, packages_skip_up_to=None, packages_select_build_failed=False, packages_skip_build_finished=False, packages_select_test_failures=False, packages_skip_test_passed=False, packages_select=None, packages_skip=None, packages_select_regex=None, packages_skip_regex=None, packages_start=None, packages_end=None, allow_overriding=[], cmake_args=None, cmake_target=None, cmake_target_skip_unavailable=False, cmake_clean_cache=False, cmake_clean_first=False, cmake_force_configure=False, ament_cmake_args=None, catkin_cmake_args=None, catkin_skip_building_tests=False, verb_parser=<colcon_defaults.argument_parser.defaults.DefaultArgumentsDecorator object at 0x7d097cbed930>, verb_extension=<colcon_core.verb.build.BuildVerb object at 0x7d097cbed4b0>, main=<bound method BuildVerb.main of <colcon_core.verb.build.BuildVerb object at 0x7d097cbed4b0>>)
[0.636s] Level 1:colcon.colcon_core.package_discovery:discover_packages(colcon_meta) check parameters
[0.636s] Level 1:colcon.colcon_core.package_discovery:discover_packages(recursive) check parameters
[0.636s] Level 1:colcon.colcon_core.package_discovery:discover_packages(ignore) check parameters
[0.636s] Level 1:colcon.colcon_core.package_discovery:discover_packages(path) check parameters
[0.636s] Level 1:colcon.colcon_core.package_discovery:discover_packages(colcon_meta) discover
[0.637s] Level 1:colcon.colcon_core.package_discovery:discover_packages(recursive) discover
[0.637s] INFO:colcon.colcon_core.package_discovery:Crawling recursively for packages in '/home/chaesong/auto-dump-bot/src/robot_ws'
[0.637s] Level 1:colcon.colcon_core.package_identification:_identify(.) by extensions ['ignore', 'ignore_ament_install']
[0.637s] Level 1:colcon.colcon_core.package_identification:_identify(.) by extension 'ignore'
[0.638s] Level 1:colcon.colcon_core.package_identification:_identify(.) by extension 'ignore_ament_install'
[0.638s] Level 1:colcon.colcon_core.package_identification:_identify(.) by extensions ['colcon_pkg']
[0.638s] Level 1:colcon.colcon_core.package_identification:_identify(.) by extension 'colcon_pkg'
[0.638s] Level 1:colcon.colcon_core.package_identification:_identify(.) by extensions ['colcon_meta']
[0.638s] Level 1:colcon.colcon_core.package_identification:_identify(.) by extension 'colcon_meta'
[0.638s] Level 1:colcon.colcon_core.package_identification:_identify(.) by extensions ['ros']
[0.638s] Level 1:colcon.colcon_core.package_identification:_identify(.) by extension 'ros'
[0.652s] Level 1:colcon.colcon_core.package_identification:_identify(.) by extensions ['cmake', 'python']
[0.652s] Level 1:colcon.colcon_core.package_identification:_identify(.) by extension 'cmake'
[0.652s] Level 1:colcon.colcon_core.package_identification:_identify(.) by extension 'python'
[0.652s] Level 1:colcon.colcon_core.package_identification:_identify(.) by extensions ['python_setup_py']
[0.652s] Level 1:colcon.colcon_core.package_identification:_identify(.) by extension 'python_setup_py'
[0.653s] Level 1:colcon.colcon_core.package_identification:_identify(build) by extensions ['ignore', 'ignore_ament_install']
[0.653s] Level 1:colcon.colcon_core.package_identification:_identify(build) by extension 'ignore'
[0.653s] Level 1:colcon.colcon_core.package_identification:_identify(build) ignored
[0.653s] Level 1:colcon.colcon_core.package_identification:_identify(install) by extensions ['ignore', 'ignore_ament_install']
[0.653s] Level 1:colcon.colcon_core.package_identification:_identify(install) by extension 'ignore'
[0.653s] Level 1:colcon.colcon_core.package_identification:_identify(install) ignored
[0.653s] Level 1:colcon.colcon_core.package_identification:_identify(log) by extensions ['ignore', 'ignore_ament_install']
[0.653s] Level 1:colcon.colcon_core.package_identification:_identify(log) by extension 'ignore'
[0.653s] Level 1:colcon.colcon_core.package_identification:_identify(log) ignored
[0.653s] Level 1:colcon.colcon_core.package_identification:_identify(src) by extensions ['ignore', 'ignore_ament_install']
[0.653s] Level 1:colcon.colcon_core.package_identification:_identify(src) by extension 'ignore'
[0.654s] Level 1:colcon.colcon_core.package_identification:_identify(src) by extension 'ignore_ament_install'
[0.654s] Level 1:colcon.colcon_core.package_identification:_identify(src) by extensions ['colcon_pkg']
[0.654s] Level 1:colcon.colcon_core.package_identification:_identify(src) by extension 'colcon_pkg'
[0.654s] Level 1:colcon.colcon_core.package_identification:_identify(src) by extensions ['colcon_meta']
[0.654s] Level 1:colcon.colcon_core.package_identification:_identify(src) by extension 'colcon_meta'
[0.654s] Level 1:colcon.colcon_core.package_identification:_identify(src) by extensions ['ros']
[0.654s] Level 1:colcon.colcon_core.package_identification:_identify(src) by extension 'ros'
[0.654s] Level 1:colcon.colcon_core.package_identification:_identify(src) by extensions ['cmake', 'python']
[0.654s] Level 1:colcon.colcon_core.package_identification:_identify(src) by extension 'cmake'
[0.654s] Level 1:colcon.colcon_core.package_identification:_identify(src) by extension 'python'
[0.654s] Level 1:colcon.colcon_core.package_identification:_identify(src) by extensions ['python_setup_py']
[0.654s] Level 1:colcon.colcon_core.package_identification:_identify(src) by extension 'python_setup_py'
[0.654s] Level 1:colcon.colcon_core.package_identification:_identify(src/auto_dump_robot_pkg) by extensions ['ignore', 'ignore_ament_install']
[0.654s] Level 1:colcon.colcon_core.package_identification:_identify(src/auto_dump_robot_pkg) by extension 'ignore'
[0.654s] Level 1:colcon.colcon_core.package_identification:_identify(src/auto_dump_robot_pkg) by extension 'ignore_ament_install'
[0.655s] Level 1:colcon.colcon_core.package_identification:_identify(src/auto_dump_robot_pkg) by extensions ['colcon_pkg']
[0.655s] Level 1:colcon.colcon_core.package_identification:_identify(src/auto_dump_robot_pkg) by extension 'colcon_pkg'
[0.655s] Level 1:colcon.colcon_core.package_identification:_identify(src/auto_dump_robot_pkg) by extensions ['colcon_meta']
[0.655s] Level 1:colcon.colcon_core.package_identification:_identify(src/auto_dump_robot_pkg) by extension 'colcon_meta'
[0.655s] Level 1:colcon.colcon_core.package_identification:_identify(src/auto_dump_robot_pkg) by extensions ['ros']
[0.655s] Level 1:colcon.colcon_core.package_identification:_identify(src/auto_dump_robot_pkg) by extension 'ros'
[0.658s] DEBUG:colcon.colcon_core.package_identification:Package 'src/auto_dump_robot_pkg' with type 'ros.ament_python' and name 'auto_dump_robot_pkg'
[0.658s] Level 1:colcon.colcon_core.package_discovery:discover_packages(recursive) using defaults
[0.658s] Level 1:colcon.colcon_core.package_discovery:discover_packages(ignore) discover
[0.658s] Level 1:colcon.colcon_core.package_discovery:discover_packages(ignore) using defaults
[0.658s] Level 1:colcon.colcon_core.package_discovery:discover_packages(path) discover
[0.658s] Level 1:colcon.colcon_core.package_discovery:discover_packages(path) using defaults
[0.688s] Level 1:colcon.colcon_core.package_discovery:discover_packages(prefix_path) check parameters
[0.688s] Level 1:colcon.colcon_core.package_discovery:discover_packages(prefix_path) discover
[0.706s] DEBUG:colcon.colcon_installed_package_information.package_discovery:Found 19 installed packages in /home/chaesong/turtlebot3_ws/install
[0.722s] DEBUG:colcon.colcon_installed_package_information.package_discovery:Found 31 installed packages in /home/chaesong/ros2_ws/install
[0.726s] DEBUG:colcon.colcon_installed_package_information.package_discovery:Found 464 installed packages in /opt/ros/humble
[0.729s] Level 1:colcon.colcon_core.package_discovery:discover_packages(prefix_path) using defaults
[0.959s] Level 5:colcon.colcon_core.verb:set package 'auto_dump_robot_pkg' build argument 'cmake_args' from command line to 'None'
[0.959s] Level 5:colcon.colcon_core.verb:set package 'auto_dump_robot_pkg' build argument 'cmake_target' from command line to 'None'
[0.959s] Level 5:colcon.colcon_core.verb:set package 'auto_dump_robot_pkg' build argument 'cmake_target_skip_unavailable' from command line to 'False'
[0.960s] Level 5:colcon.colcon_core.verb:set package 'auto_dump_robot_pkg' build argument 'cmake_clean_cache' from command line to 'False'
[0.960s] Level 5:colcon.colcon_core.verb:set package 'auto_dump_robot_pkg' build argument 'cmake_clean_first' from command line to 'False'
[0.960s] Level 5:colcon.colcon_core.verb:set package 'auto_dump_robot_pkg' build argument 'cmake_force_configure' from command line to 'False'
[0.960s] Level 5:colcon.colcon_core.verb:set package 'auto_dump_robot_pkg' build argument 'ament_cmake_args' from command line to 'None'
[0.960s] Level 5:colcon.colcon_core.verb:set package 'auto_dump_robot_pkg' build argument 'catkin_cmake_args' from command line to 'None'
[0.960s] Level 5:colcon.colcon_core.verb:set package 'auto_dump_robot_pkg' build argument 'catkin_skip_building_tests' from command line to 'False'
[0.960s] DEBUG:colcon.colcon_core.verb:Building package 'auto_dump_robot_pkg' with the following arguments: {'ament_cmake_args': None, 'build_base': '/home/chaesong/auto-dump-bot/src/robot_ws/build/auto_dump_robot_pkg', 'catkin_cmake_args': None, 'catkin_skip_building_tests': False, 'cmake_args': None, 'cmake_clean_cache': False, 'cmake_clean_first': False, 'cmake_force_configure': False, 'cmake_target': None, 'cmake_target_skip_unavailable': False, 'install_base': '/home/chaesong/auto-dump-bot/src/robot_ws/install/auto_dump_robot_pkg', 'merge_install': False, 'path': '/home/chaesong/auto-dump-bot/src/robot_ws/src/auto_dump_robot_pkg', 'symlink_install': True, 'test_result_base': None}
[0.960s] INFO:colcon.colcon_core.executor:Executing jobs using 'parallel' executor
[0.961s] DEBUG:colcon.colcon_parallel_executor.executor.parallel:run_until_complete
[0.962s] INFO:colcon.colcon_ros.task.ament_python.build:Building ROS package in '/home/chaesong/auto-dump-bot/src/robot_ws/src/auto_dump_robot_pkg' with build type 'ament_python'
[0.962s] Level 1:colcon.colcon_core.shell:create_environment_hook('auto_dump_robot_pkg', 'ament_prefix_path')
[0.967s] INFO:colcon.colcon_core.plugin_system:Skipping extension 'colcon_core.shell.bat': Not used on non-Windows systems
[0.967s] INFO:colcon.colcon_core.shell:Creating environment hook '/home/chaesong/auto-dump-bot/src/robot_ws/install/auto_dump_robot_pkg/share/auto_dump_robot_pkg/hook/ament_prefix_path.ps1'
[0.969s] INFO:colcon.colcon_core.shell:Creating environment descriptor '/home/chaesong/auto-dump-bot/src/robot_ws/install/auto_dump_robot_pkg/share/auto_dump_robot_pkg/hook/ament_prefix_path.dsv'
[0.969s] INFO:colcon.colcon_core.shell:Creating environment hook '/home/chaesong/auto-dump-bot/src/robot_ws/install/auto_dump_robot_pkg/share/auto_dump_robot_pkg/hook/ament_prefix_path.sh'
[0.971s] INFO:colcon.colcon_core.shell:Skip shell extension 'powershell' for command environment: Not usable outside of PowerShell
[0.971s] DEBUG:colcon.colcon_core.shell:Skip shell extension 'dsv' for command environment
[1.527s] INFO:colcon.colcon_core.task.python.build:Building Python package in '/home/chaesong/auto-dump-bot/src/robot_ws/src/auto_dump_robot_pkg'
[1.528s] INFO:colcon.colcon_core.shell:Skip shell extension 'powershell' for command environment: Not usable outside of PowerShell
[1.528s] DEBUG:colcon.colcon_core.shell:Skip shell extension 'dsv' for command environment
[2.473s] DEBUG:colcon.colcon_core.event_handler.log_command:Invoking command in '/home/chaesong/auto-dump-bot/src/robot_ws/build/auto_dump_robot_pkg': PYTHONPATH=/home/chaesong/auto-dump-bot/src/robot_ws/build/auto_dump_robot_pkg/prefix_override:/usr/lib/python3/dist-packages/colcon_core/task/python/colcon_distutils_commands:/home/chaesong/auto-dump-bot/src/robot_ws/install/auto_dump_robot_pkg/lib/python3.10/site-packages:${PYTHONPATH} /usr/bin/python3 -W ignore:setup.py install is deprecated -W ignore:easy_install command is deprecated setup.py develop --editable --build-directory /home/chaesong/auto-dump-bot/src/robot_ws/build/auto_dump_robot_pkg/build --no-deps symlink_data
[4.243s] Level 1:colcon.colcon_core.shell:create_environment_hook('auto_dump_robot_pkg', 'pythonpath_develop')
[4.244s] INFO:colcon.colcon_core.shell:Creating environment hook '/home/chaesong/auto-dump-bot/src/robot_ws/build/auto_dump_robot_pkg/share/auto_dump_robot_pkg/hook/pythonpath_develop.ps1'
[4.245s] DEBUG:colcon.colcon_core.event_handler.log_command:Invoked command in '/home/chaesong/auto-dump-bot/src/robot_ws/build/auto_dump_robot_pkg' returned '0': PYTHONPATH=/home/chaesong/auto-dump-bot/src/robot_ws/build/auto_dump_robot_pkg/prefix_override:/usr/lib/python3/dist-packages/colcon_core/task/python/colcon_distutils_commands:/home/chaesong/auto-dump-bot/src/robot_ws/install/auto_dump_robot_pkg/lib/python3.10/site-packages:${PYTHONPATH} /usr/bin/python3 -W ignore:setup.py install is deprecated -W ignore:easy_install command is deprecated setup.py develop --editable --build-directory /home/chaesong/auto-dump-bot/src/robot_ws/build/auto_dump_robot_pkg/build --no-deps symlink_data
[4.246s] INFO:colcon.colcon_core.shell:Creating environment descriptor '/home/chaesong/auto-dump-bot/src/robot_ws/build/auto_dump_robot_pkg/share/auto_dump_robot_pkg/hook/pythonpath_develop.dsv'
[4.246s] INFO:colcon.colcon_core.shell:Creating environment hook '/home/chaesong/auto-dump-bot/src/robot_ws/build/auto_dump_robot_pkg/share/auto_dump_robot_pkg/hook/pythonpath_develop.sh'
[4.255s] Level 1:colcon.colcon_core.environment:checking '/home/chaesong/auto-dump-bot/src/robot_ws/install/auto_dump_robot_pkg' for CMake module files
[4.256s] Level 1:colcon.colcon_core.environment:checking '/home/chaesong/auto-dump-bot/src/robot_ws/install/auto_dump_robot_pkg' for CMake config files
[4.257s] Level 1:colcon.colcon_core.environment:checking '/home/chaesong/auto-dump-bot/src/robot_ws/install/auto_dump_robot_pkg/lib'
[4.258s] Level 1:colcon.colcon_core.environment:checking '/home/chaesong/auto-dump-bot/src/robot_ws/install/auto_dump_robot_pkg/bin'
[4.258s] Level 1:colcon.colcon_core.environment:checking '/home/chaesong/auto-dump-bot/src/robot_ws/install/auto_dump_robot_pkg/lib/pkgconfig/auto_dump_robot_pkg.pc'
[4.259s] Level 1:colcon.colcon_core.environment:checking '/home/chaesong/auto-dump-bot/src/robot_ws/install/auto_dump_robot_pkg/lib/python3.10/site-packages'
[4.259s] Level 1:colcon.colcon_core.shell:create_environment_hook('auto_dump_robot_pkg', 'pythonpath')
[4.260s] INFO:colcon.colcon_core.shell:Creating environment hook '/home/chaesong/auto-dump-bot/src/robot_ws/install/auto_dump_robot_pkg/share/auto_dump_robot_pkg/hook/pythonpath.ps1'
[4.261s] INFO:colcon.colcon_core.shell:Creating environment descriptor '/home/chaesong/auto-dump-bot/src/robot_ws/install/auto_dump_robot_pkg/share/auto_dump_robot_pkg/hook/pythonpath.dsv'
[4.262s] INFO:colcon.colcon_core.shell:Creating environment hook '/home/chaesong/auto-dump-bot/src/robot_ws/install/auto_dump_robot_pkg/share/auto_dump_robot_pkg/hook/pythonpath.sh'
[4.264s] Level 1:colcon.colcon_core.environment:checking '/home/chaesong/auto-dump-bot/src/robot_ws/install/auto_dump_robot_pkg/bin'
[4.264s] Level 1:colcon.colcon_core.environment:create_environment_scripts_only(auto_dump_robot_pkg)
[4.265s] INFO:colcon.colcon_core.shell:Creating package script '/home/chaesong/auto-dump-bot/src/robot_ws/install/auto_dump_robot_pkg/share/auto_dump_robot_pkg/package.ps1'
[4.269s] INFO:colcon.colcon_core.shell:Creating package descriptor '/home/chaesong/auto-dump-bot/src/robot_ws/install/auto_dump_robot_pkg/share/auto_dump_robot_pkg/package.dsv'
[4.270s] INFO:colcon.colcon_core.shell:Creating package script '/home/chaesong/auto-dump-bot/src/robot_ws/install/auto_dump_robot_pkg/share/auto_dump_robot_pkg/package.sh'
[4.272s] INFO:colcon.colcon_core.shell:Creating package script '/home/chaesong/auto-dump-bot/src/robot_ws/install/auto_dump_robot_pkg/share/auto_dump_robot_pkg/package.bash'
[4.273s] INFO:colcon.colcon_core.shell:Creating package script '/home/chaesong/auto-dump-bot/src/robot_ws/install/auto_dump_robot_pkg/share/auto_dump_robot_pkg/package.zsh'
[4.274s] Level 1:colcon.colcon_core.environment:create_file_with_runtime_dependencies(/home/chaesong/auto-dump-bot/src/robot_ws/install/auto_dump_robot_pkg/share/colcon-core/packages/auto_dump_robot_pkg)
[4.275s] DEBUG:colcon.colcon_parallel_executor.executor.parallel:closing loop
[4.275s] DEBUG:colcon.colcon_parallel_executor.executor.parallel:loop closed
[4.275s] DEBUG:colcon.colcon_parallel_executor.executor.parallel:run_until_complete finished with '0'
[4.276s] DEBUG:colcon.colcon_core.event_reactor:joining thread
[4.290s] INFO:colcon.colcon_core.plugin_system:Skipping extension 'colcon_notification.desktop_notification.terminal_notifier': Not used on non-Darwin systems
[4.290s] INFO:colcon.colcon_core.plugin_system:Skipping extension 'colcon_notification.desktop_notification.win32': Not used on non-Windows systems
[4.290s] INFO:colcon.colcon_notification.desktop_notification:Sending desktop notification using 'notify2'
[4.330s] DEBUG:colcon.colcon_core.event_reactor:joined thread
[4.331s] INFO:colcon.colcon_core.shell:Creating prefix script '/home/chaesong/auto-dump-bot/src/robot_ws/install/local_setup.ps1'
[4.333s] INFO:colcon.colcon_core.shell:Creating prefix util module '/home/chaesong/auto-dump-bot/src/robot_ws/install/_local_setup_util_ps1.py'
[4.339s] INFO:colcon.colcon_core.shell:Creating prefix chain script '/home/chaesong/auto-dump-bot/src/robot_ws/install/setup.ps1'
[4.346s] INFO:colcon.colcon_core.shell:Creating prefix script '/home/chaesong/auto-dump-bot/src/robot_ws/install/local_setup.sh'
[4.347s] INFO:colcon.colcon_core.shell:Creating prefix util module '/home/chaesong/auto-dump-bot/src/robot_ws/install/_local_setup_util_sh.py'
[4.348s] INFO:colcon.colcon_core.shell:Creating prefix chain script '/home/chaesong/auto-dump-bot/src/robot_ws/install/setup.sh'
[4.352s] INFO:colcon.colcon_core.shell:Creating prefix script '/home/chaesong/auto-dump-bot/src/robot_ws/install/local_setup.bash'
[4.353s] INFO:colcon.colcon_core.shell:Creating prefix chain script '/home/chaesong/auto-dump-bot/src/robot_ws/install/setup.bash'
[4.362s] INFO:colcon.colcon_core.shell:Creating prefix script '/home/chaesong/auto-dump-bot/src/robot_ws/install/local_setup.zsh'
[4.363s] INFO:colcon.colcon_core.shell:Creating prefix chain script '/home/chaesong/auto-dump-bot/src/robot_ws/install/setup.zsh'
